<?xml version="1.0" encoding="UTF-8" ?><tv date="20221020">
<channel id="BBCNews.uk"><display-name>BBC News</display-name><icon src="https://i.imgur.com/rPzH88J.png"/><url>https://sky.com</url></channel>
<channel id="CNN.us"><display-name>CNN</display-name><icon src="https://www.directv.com/images/logos/channels/dark/large/579.png"/><url>https://sky.com</url></channel>
<programme start="20221027120000 +0000" stop="20221027123000 +0000" channel="BBCNews.uk"><title lang="fr">BBC News at One</title><desc lang="fr">Les derni√®res nouvelles nationales et internationales de la BBC. [S,SL]</desc><icon src="http://epgstatic.sky.com/epgdata/1.0/paimage/46/1/lisa/5.2.2/linear/channel/ca247bc8-6be0-48f9-88d1-865f87f7680e/2011"/></programme>
<programme start="20221027120000 +0000" stop="20221027123000 +0000" channel="CNN.us"><title lang="fr">French title</title></programme>
</tv>