<?xml version="1.0" encoding="UTF-8" ?><tv date="20221020">
<channel id="BravoEast.us"><display-name>Bravo East</display-name><icon src="https://www.directv.com/images/logos/channels/dark/large/579.png"/><url>https://directv.com</url></channel>
</tv>