<?xml version="1.0" encoding="UTF-8" ?><tv date="20221020">
<channel id="BBCNews.uk"><display-name>BBC News</display-name><icon src="https://i.imgur.com/rPzH88J.png"/><url>https://sky.com</url></channel>
<programme start="20221027120000 +0000" stop="20221027123000 +0000" channel="BBCNews.uk"><title lang="en">BBC News at One</title><desc lang="en">The latest national and international news from the BBC. [S,SL]</desc><icon src="http://epgstatic.sky.com/epgdata/1.0/paimage/46/1/lisa/5.2.2/linear/channel/ca247bc8-6be0-48f9-88d1-865f87f7680e/2011"/></programme>
</tv>