<?xml version="1.0" encoding="UTF-8" ?><tv date="20221020">
<channel id="BBCNews.uk"><display-name>BBC News</display-name><icon src="https://i.imgur.com/rPzH88J.png"/><url>https://virginmedia.com</url></channel>
<programme start="20221027120000 +0000" stop="20221027123000 +0000" channel="BBCNews.uk"><title lang="en">BBC News at One</title><desc lang="en">The latest national and international news, followed by weather.</desc><category lang="en">News</category><episode-num system="xmltv_ns">96839999.145799123.0/1</episode-num><episode-num system="onscreen">S96840000E145799124</episode-num></programme>
</tv>