[{"channel":"6eren.dk","site":"allente.se","lang":"da","days":2,"url":"https://iptv-org.github.io/epg/guides/da/allente.se.xml"},{"channel":"BBCNews.uk","site":"virginmedia.com","lang":"en","days":2,"url":"https://iptv-org.github.io/epg/guides/en/virginmedia.com.xml"},{"channel":"BBCNews.uk","site":"sky.com","lang":"fr","days":2,"url":"https://iptv-org.github.io/epg/guides/fr/sky.com.xml"},{"channel":"BBCNews.uk","site":"sky.com","lang":"en","days":2,"url":"https://iptv-org.github.io/epg/guides/en/sky.com.xml"},{"channel":"CNN.us","site":"sky.com","lang":"fr","days":2,"url":"https://iptv-org.github.io/epg/guides/fr/sky.com.xml"}]