[{"channel":"CNNInternationalEurope.us","site":"chaines-tv.orange.fr","lang":"ru","title":"CNN Newsroom Sunday","desc":"Свежая мировая информационная сводка от CNN. О политике, экономике, общественной жизни, культуре, спорте.","categories":["Category1","Category2"],"season":null,"episode":null,"image":null,"start":1641772800,"stop":1641776400},{"channel":"CNNInternationalEurope.us","site":"chaines-tv.orange.fr","lang":"ru","title":"Fareed Zakaria GPS","desc":"Интервью с главными игроками мировой политики.","categories":["Category1"],"season":null,"episode":null,"image":null,"start":1641776400,"stop":1641780000},{"channel":"CNNInternationalEurope.us","site":"chaines-tv.orange.fr","lang":"ru","title":"African Voices Changemakers. 114-я серия","desc":"114-я серия. Африка сегодня - люди, новости, события.","categories":[],"season":null,"episode":null,"image":null,"start":1641780000,"stop":1641781800},{"channel":"CNNInternationalEurope.us","site":"chaines-tv.orange.fr","lang":"ru","title":"Marketplace Africa. 549-я серия","desc":"549-я серия. Информационная передача об экономических событиях африканского региона. Анализируются проблемы, даются экономические прогнозы.","categories":[],"season":null,"episode":null,"image":null,"start":1641781800,"stop":1641782700},{"channel":"CNNInternationalEurope.us","site":"chaines-tv.orange.fr","lang":"ru","title":"Marketplace Africa. 548-я серия","desc":"548-я серия. Информационная передача об экономических событиях африканского региона. Анализируются проблемы, даются экономические прогнозы.","categories":[],"season":null,"episode":null,"image":null,"start":1641782700,"stop":1641783600},{"channel":"CNNInternationalEurope.us","site":"chaines-tv.orange.fr","lang":"ru","title":"TBD","desc":"Информационно-познавательный проект CNN.","categories":[],"season":null,"episode":null,"image":null,"start":1641783600,"stop":1641785400},{"channel":"CNNInternationalEurope.us","site":"chaines-tv.orange.fr","lang":"ru","title":"Inside Africa. 586-я серия","desc":"586-я серия. Своеобразное \"путешествие\" по Африке - почувствуйте все разнообразие культур различных стран и регионов континента.","categories":[],"season":null,"episode":null,"image":null,"start":1641785400,"stop":1641787200},{"channel":"CNNInternationalEurope.us","site":"chaines-tv.orange.fr","lang":"ru","title":"CNN Newsroom with Michael Holmes","desc":"Обзор самых важных и актуальных новостей и событий из жизни страны и мира.","categories":[],"season":null,"episode":null,"image":null,"start":1641787200,"stop":1641789900},{"channel":"CNNInternationalEurope.us","site":"chaines-tv.orange.fr","lang":"ru","title":"World Sport","desc":"Все о главных спортивных событиях мира. Обзоры самых важных спортивных событий, аналитика, мнения экспертов.","categories":[],"season":null,"episode":null,"image":null,"start":1641789900,"stop":1641790800},{"channel":"CNNInternationalEurope.us","site":"chaines-tv.orange.fr","lang":"ru","title":"CNN Newsroom with Michael Holmes","desc":"Обзор самых важных и актуальных новостей и событий из жизни страны и мира.","categories":[],"season":null,"episode":null,"image":null,"start":1641790800,"stop":1641794400},{"channel":"CNNInternationalEurope.us","site":"chaines-tv.orange.fr","lang":"ru","title":"CNN Newsroom with Robyn Curnow","desc":"Обзор самых важных и актуальных новостей и событий из жизни страны и мира.","categories":[],"season":null,"episode":null,"image":null,"start":1641794400,"stop":1641797100},{"channel":"CNNInternationalEurope.us","site":"chaines-tv.orange.fr","lang":"ru","title":"World Sport","desc":"Все о главных спортивных событиях мира. Обзоры самых важных спортивных событий, аналитика, мнения экспертов.","categories":[],"season":null,"episode":null,"image":null,"start":1641797100,"stop":1641798000},{"channel":"CNNInternationalEurope.us","site":"chaines-tv.orange.fr","lang":"ru","title":"CNN Newsroom with Rosemary Church","desc":"Свежая мировая информационная сводка от CNN. О политике, экономике, общественной жизни, культуре, спорте.","categories":[],"season":null,"episode":null,"image":null,"start":1641798000,"stop":1641805200},{"channel":"CNNInternationalEurope.us","site":"chaines-tv.orange.fr","lang":"ru","title":"Early Start","desc":"Новости дня с Кристиной Романс и Дейвом Бриггсом.","categories":[],"season":null,"episode":null,"image":null,"start":1641805200,"stop":1641808800},{"channel":"CNNInternationalEurope.us","site":"chaines-tv.orange.fr","lang":"ru","title":"New Day","desc":"Свежий обзор событий в стране и мире.","categories":[],"season":null,"episode":null,"image":null,"start":1641808800,"stop":1641817800},{"channel":"CNNInternationalEurope.us","site":"chaines-tv.orange.fr","lang":"ru","title":"World Sport","desc":"Все о главных спортивных событиях мира. Обзоры самых важных спортивных событий, аналитика, мнения экспертов.","categories":[],"season":null,"episode":null,"image":null,"start":1641817800,"stop":1641819600},{"channel":"CNNInternationalEurope.us","site":"chaines-tv.orange.fr","lang":"ru","title":"First Move with Julia Chatterley","desc":"Несколько больших историй, связанных с открытием рынков в США.","categories":[],"season":null,"episode":null,"image":null,"start":1641819600,"stop":1641823200},{"channel":"CNNInternationalEurope.us","site":"chaines-tv.orange.fr","lang":"ru","title":"Connect the World","desc":"Актуальная мировая информация с разных континентов.","categories":[],"season":null,"episode":null,"image":null,"start":1641823200,"stop":1641825900},{"channel":"CNNInternationalEurope.us","site":"chaines-tv.orange.fr","lang":"ru","title":"World Sport","desc":"Все о главных спортивных событиях мира. Обзоры самых важных спортивных событий, аналитика, мнения экспертов.","categories":[],"season":null,"episode":null,"image":null,"start":1641825900,"stop":1641826800},{"channel":"CNNInternationalEurope.us","site":"chaines-tv.orange.fr","lang":"ru","title":"Connect the World","desc":"Актуальная мировая информация с разных континентов.","categories":[],"season":null,"episode":null,"image":null,"start":1641826800,"stop":1641830400},{"channel":"CNNInternationalEurope.us","site":"chaines-tv.orange.fr","lang":"ru","title":"One World with Zain Asher","desc":"Освещаются важные новости с каждого континента, от политики и текущих дел до социальных вопросов и многого другого.","categories":[],"season":null,"episode":null,"image":null,"start":1641830400,"stop":1641833100},{"channel":"CNNInternationalEurope.us","site":"chaines-tv.orange.fr","lang":"ru","title":"Marketplace Africa. 549-я серия","desc":"549-я серия. Информационная передача об экономических событиях африканского региона. Анализируются проблемы, даются экономические прогнозы.","categories":[],"season":null,"episode":null,"image":null,"start":1641833100,"stop":1641834000},{"channel":"CNNInternationalEurope.us","site":"chaines-tv.orange.fr","lang":"ru","title":"Amanpour","desc":"Сводка новостей от знаменитой ведущей канала CNN.","categories":[],"season":null,"episode":null,"image":null,"start":1641834000,"stop":1641837600},{"channel":"CNNInternationalEurope.us","site":"chaines-tv.orange.fr","lang":"ru","title":"Hala Gorani Tonight","desc":"Используя свой 25-летний журналистский опыт, Хала Горани будет освещать ключевые события в картине дня посредством диалога с гостями и экспертами-аналитиками.","categories":[],"season":null,"episode":null,"image":null,"start":1641837600,"stop":1641841200},{"channel":"CNNInternationalEurope.us","site":"chaines-tv.orange.fr","lang":"ru","title":"Quest Means Business","desc":"Ричард Квест возглавляет группу экспертов и корреспондентов, чтобы предоставить актуальные факты, цифры и анализ из делового мира.","categories":[],"season":null,"episode":null,"image":null,"start":1641841200,"stop":1641843900},{"channel":"CNNInternationalEurope.us","site":"chaines-tv.orange.fr","lang":"ru","title":"Connecting Africa. 114-я серия","desc":"114-я серия. Проект, рассказывающий о людях и компаниях, которые совершают революцию в африканском бизнесе, и о тех, кто объединяет континент, выступая за свободную торговлю в Африке.","categories":[],"season":null,"episode":null,"image":null,"start":1641843900,"stop":1641844800},{"channel":"CNNInternationalEurope.us","site":"chaines-tv.orange.fr","lang":"ru","title":"The Lead with Jake Tapper","desc":"Оперативная сводка новостей страны и мира.","categories":[],"season":null,"episode":null,"image":null,"start":1641844800,"stop":1641848400},{"channel":"CNNInternationalEurope.us","site":"chaines-tv.orange.fr","lang":"ru","title":"The Global Brief with Bianca Nobilo","desc":"Global Brief с Бьянкой Нобило проницательно исследует меняющийся мир для меняющейся аудитории, обеспечивая непревзойденную глубину и качество для занятых зрителей в быстро меняющемся мире.","categories":[],"season":null,"episode":null,"image":null,"start":1641848400,"stop":1641850200},{"channel":"CNNInternationalEurope.us","site":"chaines-tv.orange.fr","lang":"ru","title":"World Sport","desc":"Все о главных спортивных событиях мира. Обзоры самых важных спортивных событий, аналитика, мнения экспертов.","categories":[],"season":null,"episode":null,"image":null,"start":1641850200,"stop":1641852000},{"channel":"CNNInternationalEurope.us","site":"chaines-tv.orange.fr","lang":"ru","title":"The Situation Room with Wolf Blitzer","desc":"Командный центр новостей, политики и неординарных репортажей со всего мира.","categories":[],"season":null,"episode":null,"image":null,"start":1641852000,"stop":1641855600},{"channel":"CNNInternationalEurope.us","site":"chaines-tv.orange.fr","lang":"ru","title":"Erin Burnett OutFront","desc":"Обсуждение самых важных мировых тем в эфире канала CNN.","categories":[],"season":null,"episode":null,"image":null,"start":1641855600,"stop":1641859200},{"channel":"CNNInternationalEurope.us","site":"chaines-tv.orange.fr","lang":"ru","title":"Anderson Cooper 360","desc":"Уникальный взгляд Андерсона Купера на главные события мира.","categories":[],"season":null,"episode":null,"image":null,"start":1641859200,"stop":1641862800},{"channel":"MNetMovies2.za","site":"dstv.com","lang":"en","title":"Fatman","desc":null,"categories":[],"season":9,"episode":257,"image":null,"start":1641761700,"stop":1641767700},{"channel":"MNetMovies2.za","site":"dstv.com","lang":"en","title":"Motherless Brooklyn","desc":null,"categories":[],"season":null,"episode":null,"image":null,"start":1641767700,"stop":1641776100},{"channel":"MNetMovies2.za","site":"dstv.com","lang":"en","title":"The Water Diviner","desc":null,"categories":[],"season":null,"episode":null,"image":null,"start":1641776100,"stop":1641782700},{"channel":"MNetMovies2.za","site":"dstv.com","lang":"en","title":"Outbreak","desc":null,"categories":[],"season":null,"episode":null,"image":null,"start":1641782700,"stop":1641790200},{"channel":"MNetMovies2.za","site":"dstv.com","lang":"en","title":"Paranoia","desc":null,"categories":[],"season":null,"episode":null,"image":null,"start":1641790200,"stop":1641796500},{"channel":"MNetMovies2.za","site":"dstv.com","lang":"en","title":"Beyond The Line","desc":null,"categories":[],"season":null,"episode":null,"image":null,"start":1641796500,"stop":1641801300},{"channel":"MNetMovies2.za","site":"dstv.com","lang":"en","title":"Backdraft","desc":null,"categories":[],"season":null,"episode":null,"image":null,"start":1641801300,"stop":1641809400},{"channel":"MNetMovies2.za","site":"dstv.com","lang":"en","title":"Mafia","desc":null,"categories":[],"season":null,"episode":null,"image":null,"start":1641809400,"stop":1641814500},{"channel":"MNetMovies2.za","site":"dstv.com","lang":"en","title":"12 Strong","desc":null,"categories":[],"season":null,"episode":null,"image":null,"start":1641814500,"stop":1641822300},{"channel":"MNetMovies2.za","site":"dstv.com","lang":"en","title":"Robin Hood","desc":null,"categories":[],"season":null,"episode":null,"image":null,"start":1641822300,"stop":1641829200},{"channel":"MNetMovies2.za","site":"dstv.com","lang":"en","title":"The Scorpion King","desc":null,"categories":[],"season":null,"episode":null,"image":null,"start":1641829200,"stop":1641834780},{"channel":"MNetMovies2.za","site":"dstv.com","lang":"en","title":"The Last Witch Hunter","desc":null,"categories":[],"season":null,"episode":null,"image":null,"start":1641834780,"stop":1641841200},{"channel":"MNetMovies2.za","site":"dstv.com","lang":"en","title":"Force Of Nature","desc":null,"categories":[],"season":null,"episode":null,"image":null,"start":1641841200,"stop":1641847200},{"channel":"MNetMovies2.za","site":"dstv.com","lang":"en","title":"Bad Boys For Life","desc":null,"categories":[],"season":null,"episode":null,"image":null,"start":1641847200,"stop":1641850800}]