<?xml version="1.0" encoding="UTF-8" ?><tv date="20221020">
<channel id="6eren.dk"><display-name>6&apos;eren</display-name><icon src="https://upload.wikimedia.org/wikipedia/commons/6/64/6%27eren_2015.png"/><url>https://allente.se</url></channel>
<programme start="20221024040000 +0000" stop="20221024042500 +0000" channel="6eren.dk"><title lang="da">Diners, Drive-Ins and Dives</title><desc lang="da">Underholdning</desc><category lang="da">series</category><icon src="https://viasatps.api.comspace.se/PS/channeldate/image/viasat.ps/487/2022-10-24/se.cs.6eren.event.B_0254194276971024040000.jpg?size=2560x1440"/><episode-num system="xmltv_ns">23.5.0/1</episode-num><episode-num system="onscreen">S24E06</episode-num></programme>
</tv>